// Jest Snapshot v1, https://goo.gl/fbAQLP

exports[`Pruebas <CounterApp />  Debe mostrar el counter 1`] = `
<Fragment>
  <h1>
    CounterApp
  </h1>
  <p />
  <button
    onClick={[Function]}
  >
     +1 
  </button>
  <button
    onClick={[Function]}
  >
     Reset 
  </button>
  <button
    onClick={[Function]}
  >
     -1 
  </button>
</Fragment>
`;
